---
source: crates/agentscript-compiler/src/hir/ast_lower.rs
expression: "c.session.hir.as_ref().expect(\"hir\")"
---
HirScript {
    version: 6,
    declaration: Indicator {
        title: Some(
            "EMA pipeline",
        ),
        timeframe: None,
    },
    inputs: [
        HirInputDecl {
            name: "len",
            kind: Int(
                14,
            ),
        },
    ],
    exprs: [
        Variable(
            SymbolId(
                0,
            ),
            Series(
                Primitive(
                    Float,
                ),
            ),
        ),
        Variable(
            SymbolId(
                6,
            ),
            Simple(
                Primitive(
                    Int,
                ),
            ),
        ),
        BuiltinCall {
            kind: TaEma,
            args: [
                HirId(
                    0,
                ),
                HirId(
                    1,
                ),
            ],
            ty: Series(
                Primitive(
                    Float,
                ),
            ),
        },
        Variable(
            SymbolId(
                7,
            ),
            Series(
                Primitive(
                    Float,
                ),
            ),
        ),
    ],
    body: [
        Let {
            symbol: SymbolId(
                7,
            ),
            value: HirId(
                2,
            ),
        },
        Plot {
            expr: HirId(
                3,
            ),
            title: None,
        },
    ],
    user_functions: [],
    symbols: SymbolTable {
        names: [
            "close",
            "open",
            "high",
            "low",
            "volume",
            "time",
            "len",
            "ema",
        ],
    },
    persist_symbols: {},
}
