---
source: crates/agentscript-compiler/src/hir/ast_lower.rs
expression: "c.session.hir.as_ref().expect(\"hir\")"
---
HirScript {
    version: 6,
    declaration: Indicator {
        title: Some(
            "block fn",
        ),
        timeframe: None,
    },
    inputs: [],
    exprs: [
        Variable(
            SymbolId(
                7,
            ),
            Series(
                Primitive(
                    Float,
                ),
            ),
        ),
        Literal(
            Float(
                3.0,
            ),
            Simple(
                Primitive(
                    Float,
                ),
            ),
        ),
        Binary {
            op: Mul,
            lhs: HirId(
                0,
            ),
            rhs: HirId(
                1,
            ),
            ty: Series(
                Primitive(
                    Float,
                ),
            ),
        },
        Variable(
            SymbolId(
                8,
            ),
            Series(
                Primitive(
                    Float,
                ),
            ),
        ),
        Variable(
            SymbolId(
                0,
            ),
            Series(
                Primitive(
                    Float,
                ),
            ),
        ),
        UserCall {
            callee: SymbolId(
                6,
            ),
            args: [
                HirId(
                    4,
                ),
            ],
            ty: Series(
                Primitive(
                    Float,
                ),
            ),
        },
        Variable(
            SymbolId(
                9,
            ),
            Series(
                Primitive(
                    Float,
                ),
            ),
        ),
    ],
    body: [
        Let {
            symbol: SymbolId(
                9,
            ),
            value: HirId(
                5,
            ),
        },
        Plot {
            expr: HirId(
                6,
            ),
            title: None,
        },
    ],
    user_functions: [
        HirUserFunction {
            symbol: SymbolId(
                6,
            ),
            params: [
                SymbolId(
                    7,
                ),
            ],
            body_stmts: [
                Let {
                    symbol: SymbolId(
                        8,
                    ),
                    value: HirId(
                        2,
                    ),
                },
            ],
            result: HirId(
                3,
            ),
        },
    ],
    symbols: SymbolTable {
        names: [
            "close",
            "open",
            "high",
            "low",
            "volume",
            "time",
            "g",
            "a",
            "t",
            "z",
        ],
    },
    persist_symbols: {},
}
