---
source: crates/agentscript-compiler/src/hir/ast_lower.rs
expression: hir
---
HirScript {
    version: 6,
    declaration: Indicator {
        title: Some(
            "EMA pipeline",
        ),
    },
    inputs: [
        HirInputDecl {
            name: "len",
            default_int: 14,
        },
    ],
    exprs: [
        Variable(
            SymbolId(
                0,
            ),
            Series(
                Primitive(
                    Float,
                ),
            ),
        ),
        Variable(
            SymbolId(
                1,
            ),
            Simple(
                Primitive(
                    Int,
                ),
            ),
        ),
        BuiltinCall {
            kind: TaEma,
            args: [
                HirId(
                    0,
                ),
                HirId(
                    1,
                ),
            ],
            ty: Series(
                Primitive(
                    Float,
                ),
            ),
        },
        Variable(
            SymbolId(
                2,
            ),
            Series(
                Primitive(
                    Float,
                ),
            ),
        ),
    ],
    body: [
        Let {
            symbol: SymbolId(
                2,
            ),
            value: HirId(
                2,
            ),
        },
        Plot {
            expr: HirId(
                3,
            ),
            title: None,
        },
    ],
    symbols: SymbolTable {
        names: [
            "close",
            "len",
            "ema",
        ],
    },
}
